// Jest Snapshot v1, https://goo.gl/fbAQLP

exports[`renders correctly 1`] = `
<RCTScrollView
  contentContainerStyle={
    Object {
      "alignItems": "center",
      "backgroundColor": "white",
      "justifyContent": "space-between",
      "padding": 10,
    }
  }
  style={
    Object {
      "backgroundColor": "white",
      "flexDirection": "column",
      "flexGrow": 1,
      "height": 200,
    }
  }
>
  <View>
    <Image
      source={1}
      style={
        Object {
          "maxWidth": "80%",
          "resizeMode": "contain",
        }
      }
    />
    <View
      style={
        Object {
          "alignItems": "center",
          "display": "flex",
          "flex": 1,
          "justifyContent": "center",
          "marginBottom": 20,
          "paddingVertical": 10,
          "width": "100%",
        }
      }
    >
      <Text
        style={
          Object {
            "fontSize": 20,
            "fontWeight": "bold",
          }
        }
      >
        Please enter your username
      </Text>
      <TextInput
        allowFontScaling={true}
        onChangeText={[Function]}
        rejectResponderTermination={true}
        style={
          Object {
            "borderColor": "#072146",
            "borderRadius": 5,
            "borderWidth": 1,
            "height": 40,
            "margin": 12,
            "padding": 10,
            "width": "100%",
          }
        }
        testID="user-input"
        underlineColorAndroid="transparent"
        value={null}
      />
      <View
        accessibilityRole="button"
        accessibilityState={
          Object {
            "disabled": true,
          }
        }
        accessible={true}
        focusable={true}
        onClick={[Function]}
        onResponderGrant={[Function]}
        onResponderMove={[Function]}
        onResponderRelease={[Function]}
        onResponderTerminate={[Function]}
        onResponderTerminationRequest={[Function]}
        onStartShouldSetResponder={[Function]}
        style={
          Object {
            "opacity": 1,
          }
        }
        testID="login-button"
      >
        <View
          style={
            Array [
              Object {},
              Object {},
            ]
          }
        >
          <Text
            disabled={true}
            style={
              Array [
                Object {
                  "color": "#007AFF",
                  "fontSize": 18,
                  "margin": 8,
                  "textAlign": "center",
                },
                Object {
                  "color": "#072146",
                },
                Object {
                  "color": "#cdcdcd",
                },
              ]
            }
          >
            Join
          </Text>
        </View>
      </View>
    </View>
    <View
      style={
        Object {
          "flex": 1,
          "width": "100%",
        }
      }
    />
  </View>
</RCTScrollView>
`;
