// Jest Snapshot v1, https://goo.gl/fbAQLP

exports[`renders correctly 1`] = `
<View
  style={
    Object {
      "alignItems": "center",
      "backgroundColor": "white",
      "flex": 1,
      "justifyContent": "space-between",
      "padding": 10,
    }
  }
>
  <View
    style={
      Object {
        "alignItems": "center",
        "flex": 1,
        "justifyContent": "center",
        "width": "100%",
      }
    }
  >
    <View
      accessible={true}
      focusable={true}
      onClick={[Function]}
      onResponderGrant={[Function]}
      onResponderMove={[Function]}
      onResponderRelease={[Function]}
      onResponderTerminate={[Function]}
      onResponderTerminationRequest={[Function]}
      onStartShouldSetResponder={[Function]}
      style={
        Object {
          "backgroundColor": "#072146",
          "borderColor": "#32507c",
          "borderRadius": 60,
          "borderWidth": 10,
          "marginVertical": 10,
          "opacity": 1,
          "width": "100%",
        }
      }
    >
      <Text
        style={
          Object {
            "color": "white",
            "fontSize": 35,
            "padding": 10,
            "textAlign": "center",
          }
        }
        testID="value"
      >
        0
      </Text>
    </View>
    <Text
      style={
        Object {
          "fontSize": 18,
        }
      }
    >
      Please click on button
    </Text>
  </View>
  <View
    style={
      Object {
        "flex": 1,
      }
    }
    testID="auto-clicker"
  />
</View>
`;
